Mono path[0] = 'C:/Games/Starcom Unknown Space/Starcom Unknown Space_Data/Managed'
Mono config path = 'C:/Games/Starcom Unknown Space/MonoBleedingEdge/etc'
Initialize engine version: 2020.3.46f1 (18bc01a066b4)
[Subsystems] Discovering subsystems at path C:/Games/Starcom Unknown Space/Starcom Unknown Space_Data/UnitySubsystems
GfxDevice: creating device client; threaded=1
Direct3D:
    Version:  Direct3D 11.0 [level 11.1]
    Renderer: Intel(R) HD Graphics 520 (ID=0x1916)
    Vendor:   
    VRAM:     8119 MB
    Driver:   31.0.101.2115
Begin MonoManager ReloadAssembly
- Completed reload, in  0.208 seconds
<RI> Initializing input.
<RI> Input initialized.
<RI> Initialized touch support.
UnloadTime: 4.792800 ms
Preloader started, build Kepler (17344)
Async progress 90%, attempting scene activation...
Build Number: 17344
Curl error 6: Could not resolve host: lab.wx3.com
Found announce override, using instead of server supplied news.
Steamworks initialized successfully for 1750770, Branch: 
Creating presave for C:\Games\Starcom Unknown Space\Starcom Unknown Space_Data\StreamingAssets\Content\Kepler\Presaves\Arrival_Complete_info.json
Creating presave for C:\Games\Starcom Unknown Space\Starcom Unknown Space_Data\StreamingAssets\Content\Kepler\Presaves\Post_Prologue_info.json
Localizing to uk
Total localization targets: 0, total symbols: 6103
No file: C:/Games/Starcom Unknown Space/Starcom Unknown Space_Data/StreamingAssets/Localization/en-us.png
No file: C:/Games/Starcom Unknown Space/Starcom Unknown Space_Data/StreamingAssets/Localization/de.png
No file: C:/Games/Starcom Unknown Space/Starcom Unknown Space_Data/StreamingAssets/Localization/es.png
No file: C:/Games/Starcom Unknown Space/Starcom Unknown Space_Data/StreamingAssets/Localization/fr.png
No file: C:/Games/Starcom Unknown Space/Starcom Unknown Space_Data/StreamingAssets/Localization/pl.png
No file: C:/Games/Starcom Unknown Space/Starcom Unknown Space_Data/StreamingAssets/Localization/pt-BR.png
No file: C:/Games/Starcom Unknown Space/Starcom Unknown Space_Data/StreamingAssets/Localization/pseudo.png
No file: C:/Games/Starcom Unknown Space/Starcom Unknown Space_Data/StreamingAssets/Localization/ru.png
No file: C:/Games/Starcom Unknown Space/Starcom Unknown Space_Data/StreamingAssets/Localization/tr.png
Cannot resolve destination host
Server unexpected response: 
Activating Wwise
WwiseUnity: Wwise(R) SDK Version 2021.1.9 Build 7847.
WwiseUnity: Setting Plugin DLL path to: C:/Games/Starcom Unknown Space/Starcom Unknown Space_Data\Plugins\x86_64
WwiseUnity: Sound engine initialized successfully.
Preloading DEFAULT
Preloading ALPHA
Preloading ARRIVAL
Preloading BEYOND
Preloading REMNANT_SPACE
Steam knows about 0 achievements
Attempting to delete 2 autosaves...
Deleting autosave: Arrival_Complete
Deleting autosave: Post_Prologue
Deleted 2 autosaves.
StoryId was null
No starting story found: ''
No starting location
Task scheduler exceeded 1500ms
Task scheduler exceeded 1500ms
Task scheduler exceeded 1500ms
Task scheduler exceeded 1500ms
Task scheduler exceeded 1500ms
Task scheduler exceeded 1500ms
Task scheduler exceeded 1500ms
Task scheduler exceeded 1500ms
Flag not satisfied, normal advance
#10984 358.8502 sec: FPS: 29.46939 Mission Update: 0.00283762
Internal: JobTempAlloc has allocations that are more than 4 frames old - this is not allowed and likely a leak
Internal: deleting an allocation that is older than its permitted lifetime of 4 frames (age = 6)
Internal: deleting an allocation that is older than its permitted lifetime of 4 frames (age = 6)
Cannot interact while scan in progress
#19241 659.6891 sec: FPS: 15.42604 Mission Update: 0.00354718
Survey module does not exist.
Internal: JobTempAlloc has allocations that are more than 4 frames old - this is not allowed and likely a leak
Internal: deleting an allocation that is older than its permitted lifetime of 4 frames (age = 10)
Internal: deleting an allocation that is older than its permitted lifetime of 4 frames (age = 10)
Survey module does not exist.
Internal: JobTempAlloc has allocations that are more than 4 frames old - this is not allowed and likely a leak
Internal: deleting an allocation that is older than its permitted lifetime of 4 frames (age = 10)
Internal: deleting an allocation that is older than its permitted lifetime of 4 frames (age = 10)
#27539 959.7204 sec: FPS: 29.85785 Mission Update: 0.00261949
StoryId was null
No starting story found: ''
No starting location
d3d11: failed to create buffer (target 0x5 mode 0 size 1344) [0x887A0005]
d3d11: failed to create buffer (target 0x2 mode 0 size 168) [0x887A0005]
d3d11: failed to create staging 2D texture w=512 h=512 d3dfmt=28 [887a0005]
d3d11: failed to create staging 2D texture w=256 h=256 d3dfmt=28 [887a0005]
d3d11: failed to create staging 2D texture w=128 h=128 d3dfmt=28 [887a0005]
d3d11: failed to create staging 2D texture w=64 h=64 d3dfmt=28 [887a0005]
d3d11: failed to create staging 2D texture w=32 h=32 d3dfmt=28 [887a0005]
d3d11: failed to create staging 2D texture w=16 h=16 d3dfmt=28 [887a0005]
d3d11: failed to create staging 2D texture w=8 h=8 d3dfmt=28 [887a0005]
d3d11: failed to create staging 2D texture w=4 h=4 d3dfmt=28 [887a0005]
d3d11: failed to create staging 2D texture w=2 h=2 d3dfmt=28 [887a0005]
d3d11: failed to create staging 2D texture w=1 h=1 d3dfmt=28 [887a0005]
d3d11: failed to create buffer (target 0x5 mode 0 size 1344) [0x887A0005]
d3d11: failed to create buffer (target 0x2 mode 0 size 168) [0x887A0005]
